// Jest Snapshot v1, https://goo.gl/fbAQLP

exports[`AppComponent debe hacer match con el snapshot 1`] = `
<div
  id="root3"
>
  <h1>
    angular-testing
  </h1>
</div>
`;

exports[`AppComponent should test if changes on html 1`] = `
<div
  id="root3"
>
  <h1>
    angular-testing
  </h1>
</div>
`;
